00:00 +0: loading /app/test/viewer_factory_test.dart
00:00 +0: ViewerFactory returns PdfViewerWidget for .pdf files
00:00 +1: ViewerFactory returns DocxViewerWidget for .docx files
00:00 +2: ViewerFactory returns OfficeViewerWidget for .pptx files
00:00 +3: ViewerFactory returns OfficeViewerWidget for .xlsx files
00:00 +4: ViewerFactory returns error text for unsupported files
00:00 +5: All tests passed!
